../Core/Src/main.c:20:5:_write	24	static
../Core/Src/main.c:25:6:SSD1306_TestPattern	16	static
../Core/Src/main.c:33:6:SSD1306_TestPage7	16	static
../Core/Src/main.c:43:6:I2C_SCAN	16	static
../Core/Src/main.c:111:6:drawCharGFXfont	40	static
../Core/Src/main.c:145:6:SSD1306_PutCustomChar7x10	32	static
../Core/Src/main.c:157:6:SSD1306_UpdateRegion	32	static
../Core/Src/main.c:177:5:main	56	static
../Core/Src/main.c:313:6:SystemClock_Config	88	static
../Core/Src/main.c:356:13:MX_I2C1_Init	8	static
../Core/Src/main.c:371:13:MX_USART2_UART_Init	8	static
../Core/Src/main.c:399:13:MX_GPIO_Init	40	static
../Core/Src/main.c:422:6:Error_Handler	8	static,ignoring_inline_asm
