../Core/Src/ssd1306.c:91:6:SSD1306_ScrollRight	16	static
../Core/Src/ssd1306.c:104:6:SSD1306_ScrollLeft	16	static
../Core/Src/ssd1306.c:117:6:SSD1306_Scrolldiagright	16	static
../Core/Src/ssd1306.c:133:6:SSD1306_Scrolldiagleft	16	static
../Core/Src/ssd1306.c:149:6:SSD1306_Stopscroll	8	static
../Core/Src/ssd1306.c:156:6:SSD1306_InvertDisplay	16	static
../Core/Src/ssd1306.c:164:6:SSD1306_DrawBitmap	32	static
../Core/Src/ssd1306.c:187:9:SSD1306_Init	16	static
../Core/Src/ssd1306.c:238:6:SSD1306_UpdateScreen	16	static
../Core/Src/ssd1306.c:252:6:SSD1306_ToggleInvert	16	static
../Core/Src/ssd1306.c:264:6:SSD1306_Fill	24	static
../Core/Src/ssd1306.c:273:6:SSD1306_DrawPixel	16	static
../Core/Src/ssd1306.c:295:6:SSD1306_GotoXY	16	static
../Core/Src/ssd1306.c:301:6:SSD1306_Putc	32	static
../Core/Src/ssd1306.c:332:6:SSD1306_Puts	24	static
../Core/Src/ssd1306.c:349:6:SSD1306_DrawLine	40	static
../Core/Src/ssd1306.c:433:6:SSD1306_DrawRectangle	32	static
../Core/Src/ssd1306.c:458:6:SSD1306_DrawFilledRectangle	40	static
../Core/Src/ssd1306.c:485:6:SSD1306_DrawTriangle	32	static
../Core/Src/ssd1306.c:492:6:SSD1306_DrawFilledTriangle	64	static
../Core/Src/ssd1306.c:548:6:SSD1306_DrawCircle	40	static
../Core/Src/ssd1306.c:582:6:SSD1306_DrawFilledCircle	48	static
../Core/Src/ssd1306.c:613:6:SSD1306_Clear	8	static
../Core/Src/ssd1306.c:621:6:SSD1306_ON	8	static
../Core/Src/ssd1306.c:627:6:SSD1306_OFF	8	static
../Core/Src/ssd1306.c:633:6:SSD1306_ShowBitmap	24	static
../Core/Src/ssd1306.c:640:6:SSD1306_ShowGif	24	static
../Core/Src/ssd1306.c:655:6:SSD1306_Counter	32	static
../Core/Src/ssd1306.c:683:6:SSD1306_Println	32	static
../Core/Src/ssd1306.c:709:6:ssd1306_I2C_Init	16	static
../Core/Src/ssd1306.c:715:6:ssd1306_I2C_WriteMulti	296	static
../Core/Src/ssd1306.c:724:6:ssd1306_I2C_Write	32	static
